middleware.ts(9,32): error TS2801: This condition will always return true since this 'Promise<boolean>' is always defined.
src/app/actions/notifications.ts(3,21): error TS7016: Could not find a declaration file for module 'web-push'. 'D:/SKS coding/Main-Character-Quest/node_modules/web-push/src/index.js' implicitly has an 'any' type.
  Try `npm i --save-dev @types/web-push` if it exists or add a new declaration (.d.ts) file containing `declare module 'web-push';`
src/components/edit-reminder-dialog.tsx(92,9): error TS2322: Type '"hours" | "days" | "weeks" | "months" | "minutes"' is not assignable to type '"hours" | "days" | "weeks" | "months" | undefined'.
  Type '"minutes"' is not assignable to type '"hours" | "days" | "weeks" | "months" | undefined'.
src/hooks/use-habits.ts(190,7): error TS2322: Type 'string | undefined' is not assignable to type 'string'.
  Type 'undefined' is not assignable to type 'string'.
src/hooks/use-habits.ts(191,7): error TS2322: Type 'string | undefined' is not assignable to type 'string'.
  Type 'undefined' is not assignable to type 'string'.
src/hooks/use-habits.ts(199,7): error TS2322: Type 'string | null | undefined' is not assignable to type 'string | undefined'.
  Type 'null' is not assignable to type 'string | undefined'.
src/hooks/use-reminders.ts(55,9): error TS2322: Type 'string | undefined' is not assignable to type 'string'.
  Type 'undefined' is not assignable to type 'string'.
src/hooks/use-tasks.ts(127,7): error TS2322: Type 'string | null | undefined' is not assignable to type 'string | undefined'.
  Type 'null' is not assignable to type 'string | undefined'.
src/hooks/use-tasks.ts(275,7): error TS2322: Type 'string | null | undefined' is not assignable to type 'string | undefined'.
  Type 'null' is not assignable to type 'string | undefined'.
src/hooks/use-tasks.ts(276,7): error TS2322: Type 'string | undefined' is not assignable to type 'string'.
  Type 'undefined' is not assignable to type 'string'.
src/hooks/use-tasks.ts(277,7): error TS2322: Type 'string | undefined' is not assignable to type 'string'.
  Type 'undefined' is not assignable to type 'string'.
src/hooks/use-tasks.ts(286,7): error TS2322: Type 'string | null | undefined' is not assignable to type 'string | undefined'.
  Type 'null' is not assignable to type 'string | undefined'.
